
> ***@1.0.77 prebuild
> node scripts/bump_version.js

≡ƒÜÇ Bumping version: 1.0.77 -> 1.0.78
Γ£à Updated package.json
Γ£à Updated lib/version.js
Γ£à Updated app/api/version/route.js

≡ƒÄë Ready to deploy! Run: vercel --prod

> ***@1.0.77 build
> next build

   Γû▓ Next.js 15.5.12
   - Environments: .env

   Creating an optimized production build ...
/*! ≡ƒî╝ daisyUI 5.5.17 */
node.exe : Found 1 warning while optimizing 
generated CSS:
At line:1 char:1
+ & "C:\Program Files\nodejs/node.exe" 
"C:\Program Files\nodejs/node_mo ...
+ ~~~~~~~~~~~~~~~~~~~~~~~~~~~~~~~~~~~~~~~~~~~~~~
~~~~~~~~~~~~~~~~~~~~~~~
    + CategoryInfo          : NotSpecified: (Fo 
   und 1 warning... generated CSS::String) [],  
   RemoteException
    + FullyQualifiedErrorId : NativeCommandErro 
   r
 

[2mΓöé }[22m
[2mΓöé @layer base {[22m
[2mΓöé[22m   @property --radialprogress {
[2mΓöå[22m            [33m[2m^--[22m 
Unknown at rule: @property[39m
[2mΓöå[22m
[2mΓöé     syntax: "<percentage>";[22m
[2mΓöé     inherits: true;[22m

 Γ£ô Compiled successfully in 36.7s
   Skipping validation of types
   Skipping linting
   Collecting page data ...

> Build error occurred
[Error: Cannot find module 
'C:\Users\biswa\OneDrive\Desktop\Invoice 
Tracker\.next\server\middleware-manifest.json'
Require stack:
- C:\Users\biswa\OneDrive\Desktop\Invoice 
Tracker\node_modules\next\dist\build\index.js
- C:\Users\biswa\OneDrive\Desktop\Invoice Tracke
r\node_modules\next\dist\cli\next-build.js] {
  code: 'MODULE_NOT_FOUND',
  requireStack: [Array]
}
